// Jest Snapshot v1, https://goo.gl/fbAQLP

exports[`Item should render without error 1`] = `""`;
