// Jest Snapshot v1, https://goo.gl/fbAQLP

exports[`App should render without error 1`] = `<Connect(Home) />`;
